[    0.0s] [intake] cloned https://github.com/stephaneckstein/minmaxot@3f88502bdd096cdc4fe946a9cae17896315459b5
[    0.0s] [recon] calling Nemotron Nano
[    0.0s] [recon] ENTRYPOINT_UNCLEAR: no runnable entrypoint discoverable in recon: no candidate scripts found (no train.py/main.py/run.py-style file, and no file with a __main__ guard) — proceeding with the documented command: python dcot/base_case.py
[    0.0s] [python] python:3.7-slim (environment.yml): declared by environment.yml (3.7); resolved to the first available minor that satisfies it
[    2.9s] [planner] build plan: {'base_image': 'python:3.7-slim', 'apt_install': [], 'install_commands': ['pip install -r requirements.txt'], 'execute_command': 'python dcot/base_case.py', 'notes': ["execute command is the repository's documented command (corpus ground truth)", 'base image python:3.7-slim: de
[    2.9s] [integrity] verified 95 file(s) against tree e36d8520d12c65d20aab7625052bdb92af7bfa95
[    2.9s] [checkpoint] baseline: no kept image holds this environment yet; building it from python:3.7-slim and keeping every layer
[    2.9s] [sandbox] starting build+execute (wall_clock_seconds=600)
[  115.6s] [operation 1] baseline: completed; 25.4s of sandbox time; no torch install; branch_from_image=None; result_image=None; 2 image(s) kept
[  115.6s] [cost_guard] recorded $0.2607 sandbox spend, $4.7391 remaining today
[  115.6s] [sandbox] id=9e7712e1-d7b8-4924-bb49-c7736b145ab6 exit_code=1
[  115.6s] [baseline] as-is run: FAILS (exit code 1)
[  115.6s] [classifier] RUNTIME_ERROR_OTHER: TypeError: Descriptors cannot not be created directly.
[  115.6s] [tavily] search failed, continuing without cited context: Tavily search failed for query 'python 3.7 tensorflow runtime error other fix: TypeError: Descriptors cannot not be created directly.': Invalid leading whitespace, reserved character(s), or return character(s) in header value: 'Bearer tvly-[REDACTED: the TAVILY_API_KEY value, replaced before this copy was committed to main; the branch commit 1d638d3 held it]
[  132.8s] [patch] dcot/base_case.py: file_edits[1] replaced 1 occurrence
[  147.0s] [patch] dcot/base_case.py: file_edits[1] replaced 1 occurrence
[  147.1s] [repair 1] tamper gate PASS for candidate(s) [1, 2, 3]; running them concurrently, each in its own branch of the environment image
[  147.1s] [smoke] re-execution of the documented command under a 60s smoke limit
[  147.1s] [smoke] re-execution of the documented command under a 60s smoke limit
[  147.1s] [smoke] re-execution of the documented command under a 60s smoke limit
[  147.2s] [integrity] verified 95 file(s) against tree e36d8520d12c65d20aab7625052bdb92af7bfa95
[  147.2s] [integrity] verified 95 file(s) against tree e36d8520d12c65d20aab7625052bdb92af7bfa95
[  147.2s] [integrity] verified 95 file(s) against tree e36d8520d12c65d20aab7625052bdb92af7bfa95
[  147.2s] [checkpoint] repair 1 candidate 3: branching from image 9e7712e1-d7b8-4924-bb49-c7736b145ab6 (1 of 1 setup command(s) already in it, kept by operation 1); no reinstall of what it contains
[  147.2s] [sandbox] starting build+execute (wall_clock_seconds=454)
[  147.2s] [checkpoint] repair 1 candidate 2: branching from image 05feabe6-3ece-486f-891b-e60a7125b999 (0 of 1 setup command(s) already in it, kept by operation 1); no reinstall of what it contains
[  147.2s] [sandbox] starting build+execute (wall_clock_seconds=454)
[  147.2s] [checkpoint] repair 1 candidate 1: branching from image 9e7712e1-d7b8-4924-bb49-c7736b145ab6 (1 of 1 setup command(s) already in it, kept by operation 1); no reinstall of what it contains
[  147.2s] [sandbox] starting build+execute (wall_clock_seconds=454)
[  201.2s] [operation 2] repair 1 candidate 3: completed; 105.1s of sandbox time; no torch install; branch_from_image=9e7712e1-d7b8-4924-bb49-c7736b145ab6; result_image=c1c8388d-b1f0-4a72-acd3-1ab046564070; 1 image(s) kept
[  201.2s] [cost_guard] recorded $1.0520 sandbox spend, $3.6773 remaining today
[  210.1s] [operation 3] repair 1 candidate 1: completed; 127.1s of sandbox time; no torch install; branch_from_image=9e7712e1-d7b8-4924-bb49-c7736b145ab6; result_image=2f898909-3407-4b0d-b992-1de1b415299d; 1 image(s) kept
[  210.1s] [cost_guard] recorded $1.2728 sandbox spend, $2.4046 remaining today
[  247.9s] [operation 4] repair 1 candidate 2: completed; 127.6s of sandbox time; no torch install; branch_from_image=05feabe6-3ece-486f-891b-e60a7125b999; result_image=75b55222-a345-4712-880e-1daf0409d230; 2 image(s) kept
[  247.9s] [cost_guard] recorded $1.2836 sandbox spend, $1.1209 remaining today
[  247.9s] [repair 1.1] re-execution id=2f898909-3407-4b0d-b992-1de1b415299d exit_code=1; exit outcome changed
[  247.9s] [repair 1.2] re-execution id=75b55222-a345-4712-880e-1daf0409d230 exit_code=1; exit outcome changed
[  247.9s] [repair 1.3] re-execution id=c1c8388d-b1f0-4a72-acd3-1ab046564070 exit_code=1; exit outcome changed
[  258.8s] [adjudicator] qualifying candidate(s) [1, 2, 3]; chosen: 2 (adjudicator); reasoning: Candidate 2 pins protobuf to version 3.20.3, which is compatible with TensorFlow 1.15.0 and resolves the original 'Descriptors cannot not be created directly' TypeError. The run output shows TensorFlow initializatio
[  258.8s] [citations] ignored: the model cited source [1] but only 0 were offered
[  260.5s] [checkpoint] ran the disposal step on 2 of 2 candidate image(s) that were not chosen ($0.0001 recorded; the SDK has no delete call, so whether this frees storage is not known)
[  260.5s] [repair 1] candidate 2's env delta applied; build plan now: {'base_image': 'python:3.7-slim', 'apt_install': [], 'install_commands': ["printf '%s\\n' Keras==2.3.1 tensorflow==1.15.0 matplotlib protobuf==3.20.3 > .rerun-requirements.txt && pip install -r .rerun-requirements.txt"], 'execute_command': 
[  260.5s] [checkpoint] candidate 2's image 75b55222-a345-4712-880e-1daf0409d230 is the new environment image (env_image_id)
[  260.5s] [classifier] OUTPUT_DIR_MISSING: FileNotFoundError: [Errno 2] No such file or directory: 'output/objective_values_base1_0'
[  260.5s] [time-machine] deterministic step: output_dir (`mkdir -p -- output || true`; the failing write: `np.savetxt('output/objective_values_base' + str(N_inf) + '_' + str(run_K), objective_values)`); no model call
[  260.5s] [smoke] re-execution of the documented command under a 60s smoke limit
[  260.6s] [integrity] verified 95 file(s) against tree e36d8520d12c65d20aab7625052bdb92af7bfa95
[  260.6s] [checkpoint] time machine: output_dir: branching from image 75b55222-a345-4712-880e-1daf0409d230 (1 of 2 setup command(s) already in it, kept by operation 5); no reinstall of what it contains
[  260.6s] [sandbox] starting build+execute (wall_clock_seconds=130)
[  325.3s] [operation 6] time machine: output_dir: completed; 0.1s of sandbox time; no torch install; branch_from_image=75b55222-a345-4712-880e-1daf0409d230; result_image=None; 1 image(s) kept
[  325.3s] [cost_guard] recorded $0.0009 sandbox spend, $1.1033 remaining today
[  325.3s] [time-machine] re-execution id=acf371ea-8f42-45a5-9a56-0c15dc023689 exit_code=0
wrote runs/v1.10/live_v110/02_stephaneckstein__minmaxot_rc8.json
